exports[`ServerEditor should match snapshot 1`] = `"<div data-reactroot=\"\" class=\"server-editor\"><form class=\"rjsf\"><div class=\"form-group field field-object\"><fieldset><div class=\"form-group field field-string\"><label class=\"control-label\" for=\"root_name\">name*</label><div></div><input type=\"text\" id=\"root_name\" label=\"name\" required=\"\" placeholder=\"\" class=\"form-control\" value=\"\"><div></div><div></div></div><div class=\"form-group field field-string\"><label class=\"control-label\" for=\"root_protocol\">protocol*</label><div></div><select id=\"root_protocol\" class=\"form-control\" required=\"\"><option value=\"HTTP\">HTTP</option><option value=\"HTTPS\">HTTPS</option></select><div></div><div></div></div><div class=\"form-group field field-number\"><label class=\"control-label\" for=\"root_port\">port*</label><div></div><input type=\"text\" id=\"root_port\" label=\"port\" required=\"\" placeholder=\"\" class=\"form-control\" value=\"\"><div></div><div></div></div></fieldset><div></div><div></div></div><div class=\"buttons\"><button type=\"submit\">Ok</button><a><button>Cancel</button></a></div></form></div>"`;
